<html>
<body>
<pre>
<h1>µVision Build Log</h1>
<h2>Tool Versions:</h2>
IDE-Version: ¶ÃVision V5.38.0.0
Copyright (C) 2022 ARM Ltd and ARM Germany GmbH. All rights reserved.
License Information: aa ¿ÓÍÿ, a, LIC=VGXG8-38D5P-BSIYX-HUYHX-UJXCA-CU6DV
 
Tool Versions:
Toolchain:       MDK-ARM Plus  Version: 5.24.1
Toolchain Path:  D:\software\keil\ARM\ARMCC\Bin
C Compiler:      Armcc.exe V5.06 update 5 (build 528)
Assembler:       Armasm.exe V5.06 update 5 (build 528)
Linker/Locator:  ArmLink.exe V5.06 update 5 (build 528)
Library Manager: ArmAr.exe V5.06 update 5 (build 528)
Hex Converter:   FromElf.exe V5.06 update 5 (build 528)
CPU DLL:         SARMCM3.DLL V5.24.1
Dialog DLL:      DCM.DLL V1.16.0.0
Target DLL:      STLink\ST-LINKIII-KEIL_SWO.dll V3.0.1.0
Dialog DLL:      TCM.DLL V1.32.0.0
 
<h2>Project:</h2>
D:\project\iot\MDK-ARM\LCD.uvprojx
Project File Date:  07/09/2025

<h2>Output:</h2>
*** Using Compiler 'V5.06 update 5 (build 528)', folder: 'D:\software\keil\ARM\ARMCC\Bin'
Rebuild target 'LCD'
assembling startup_stm32h750xx.s...
compiling freertos.c...
compiling stm32h7xx_it.c...
compiling stm32h7xx_hal_msp.c...
compiling stm32h7xx_hal_flash.c...
compiling stm32h7xx_hal_timebase_tim.c...
compiling stm32h7xx_hal_rcc.c...
compiling stm32h7xx_hal_flash_ex.c...
compiling main.c...
compiling stm32h7xx_hal_tim_ex.c...
compiling stm32h7xx_hal_adc_ex.c...
compiling stm32h7xx_hal_hsem.c...
compiling stm32h7xx_hal_rcc_ex.c...
compiling stm32h7xx_hal_adc.c...
compiling stm32h7xx_hal_gpio.c...
compiling stm32h7xx_hal_dma_ex.c...
compiling stm32h7xx_hal_mdma.c...
compiling stm32h7xx_hal_pwr.c...
compiling stm32h7xx_hal_cortex.c...
compiling stm32h7xx_hal_tim.c...
compiling stm32h7xx_hal_pwr_ex.c...
compiling stm32h7xx_hal.c...
compiling stm32h7xx_hal_i2c_ex.c...
compiling stm32h7xx_hal_dma.c...
compiling stm32h7xx_hal_crc_ex.c...
compiling stm32h7xx_hal_crc.c...
compiling stm32h7xx_hal_exti.c...
compiling stm32h7xx_hal_nor.c...
compiling stm32h7xx_ll_fmc.c...
compiling stm32h7xx_hal_dma2d.c...
compiling stm32h7xx_hal_sram.c...
compiling stm32h7xx_hal_nand.c...
compiling stm32h7xx_hal_sdram.c...
compiling stm32h7xx_hal_ltdc_ex.c...
compiling lcd_fonts.c...
compiling system_stm32h7xx.c...
compiling stm32h7xx_hal_i2c.c...
compiling stm32h7xx_hal_uart_ex.c...
compiling stm32h7xx_hal_ltdc.c...
compiling LED.c...
compiling SDRAM.c...
compiling MyTask.c...
compiling touch_800x480.c...
compiling lcd_rgb.c...
compiling touch_iic.c...
compiling stm32h7xx_hal_uart.c...
compiling croutine.c...
compiling UART.c...
compiling Time.c...
compiling list.c...
compiling event_groups.c...
compiling ADC.c...
compiling stream_buffer.c...
compiling GPS.c...
compiling Angle.c...
compiling atk_imu_901.c...
compiling AIR780EX.c...
compiling heap_4.c...
compiling queue.c...
compiling timers.c...
compiling TouchGFXHAL.cpp...
compiling tasks.c...
compiling port.c...
compiling app_touchgfx.c...
compiling OSWrappers.cpp...
compiling TouchGFXGPIO.cpp...
compiling STM32TouchController.cpp...
compiling cmsis_os2.c...
compiling Compass.cpp...
compiling CustomContainer1.cpp...
compiling Compass_1.cpp...
compiling Emergency.cpp...
compiling STM32DMA.cpp...
compiling FPV_menuPresenter.cpp...
compiling FPV_menuView.cpp...
compiling FrontendApplication.cpp...
compiling about_menuPresenter.cpp...
compiling about_menuView.cpp...
compiling TouchGFXGeneratedHAL.cpp...
compiling TouchGFXConfiguration.cpp...
compiling act_menuPresenter.cpp...
compiling act_menuView.cpp...
compiling ApplicationFontProvider.cpp...
compiling main_menuPresenter.cpp...
compiling triangle.cpp...
compiling main_menuView.cpp...
compiling BitmapDatabase.cpp...
compiling Model.cpp...
compiling map_menuView.cpp...
compiling map_menuPresenter.cpp...
compiling CachedFont.cpp...
compiling sensor_menuPresenter.cpp...
compiling set_menuView.cpp...
compiling set_menuPresenter.cpp...
compiling sensor_menuView.cpp...
../touchgfx/gui/src/sensor_menu_screen/sensor_menuview.cpp(31): warning:  #177-D: variable "persent"  was declared but never referenced
      uint16_t persent=humidityvalue*100/4096;
../touchgfx/gui/src/sensor_menu_screen/sensor_menuview.cpp: 1 warning, 0 errors
compiling CompressedFontCache.cpp...
compiling Font_STFANGSO_TTF_25_4bpp_0.cpp...
compiling CompressedUnmappedFontCache.cpp...
compiling CustomContainer1Base.cpp...
compiling Font_STFANGSO_TTF_25_4bpp_10.cpp...
compiling EmergencyBase.cpp...
compiling Font_STFANGSO_TTF_25_4bpp_11.cpp...
compiling Font_STFANGSO_TTF_25_4bpp_12.cpp...
compiling Font_STFANGSO_TTF_25_4bpp_13.cpp...
compiling about_menuViewBase.cpp...
compiling Font_STFANGSO_TTF_25_4bpp_14.cpp...
compiling act_menuViewBase.cpp...
compiling Font_STFANGSO_TTF_25_4bpp_15.cpp...
compiling Font_STFANGSO_TTF_25_4bpp_16.cpp...
compiling Font_STFANGSO_TTF_25_4bpp_17.cpp...
compiling Font_STFANGSO_TTF_25_4bpp_18.cpp...
compiling Font_STFANGSO_TTF_25_4bpp_31.cpp...
compiling Font_STFANGSO_TTF_25_4bpp_6.cpp...
compiling Font_STFANGSO_TTF_25_4bpp_9.cpp...
compiling Font_STFANGSO_TTF_40_4bpp_0.cpp...
compiling Font_STKAITI_TTF_32_4bpp_0.cpp...
compiling Font_STKAITI_TTF_32_4bpp_10.cpp...
compiling Font_STKAITI_TTF_32_4bpp_11.cpp...
compiling Font_STKAITI_TTF_32_4bpp_12.cpp...
compiling Font_STKAITI_TTF_32_4bpp_13.cpp...
compiling Font_STKAITI_TTF_32_4bpp_14.cpp...
compiling CompassBase.cpp...
compiling Font_STKAITI_TTF_32_4bpp_15.cpp...
compiling Font_STKAITI_TTF_32_4bpp_9.cpp...
compiling Font_STXINGKA_TTF_25_4bpp_0.cpp...
compiling Font_STXINGKA_TTF_25_4bpp_10.cpp...
compiling Font_STXINGKA_TTF_25_4bpp_11.cpp...
compiling Font_STXINGKA_TTF_25_4bpp_12.cpp...
compiling Font_STXINGKA_TTF_25_4bpp_13.cpp...
compiling Font_STXINGKA_TTF_25_4bpp_14.cpp...
compiling Font_STXINGKA_TTF_25_4bpp_15.cpp...
compiling Font_STXINGKA_TTF_25_4bpp_16.cpp...
compiling Font_STXINGKA_TTF_25_4bpp_9.cpp...
compiling Font_STXINGKA_TTF_25_4bpp_4.cpp...
compiling Font_verdana_10_4bpp_0.cpp...
compiling Font_verdana_20_4bpp_0.cpp...
compiling Font_verdana_40_4bpp_0.cpp...
compiling image_about_80.cpp...
compiling FPV_menuViewBase.cpp...
compiling FontCache.cpp...
compiling image_action_80.cpp...
compiling image_air.cpp...
compiling GeneratedFont.cpp...
compiling image_airplane.cpp...
compiling image_alternate_theme_images_widgets_button_regular_height_50_medium_rounded_normal.cpp...
compiling image_alternate_theme_images_widgets_button_regular_height_50_medium_rounded_pressed.cpp...
compiling image_back_64.cpp...
compiling image_back_80.cpp...
compiling image_blood_oxygen.cpp...
compiling image_exclamation_point.cpp...
compiling image_FPV_80.cpp...
compiling image_heart_rate.cpp...
compiling image_humidity_64.cpp...
compiling image_glass_theme_images_widgets_circleprogress_backgrounds_medium.cpp...
compiling image_icon_theme_images_action_done_50_50_E8F6FB.svg.cpp...
compiling image_map_80.cpp...
compiling image_P07041.cpp...
compiling image_sensor_80.cpp...
compiling image_settings_80.cpp...
compiling image_temperature_64.cpp...
compiling image_warn.cpp...
compiling Kerning_STFANGSO_TTF_25_4bpp.cpp...
compiling image_GPS.cpp...
compiling Kerning_STFANGSO_TTF_40_4bpp.cpp...
compiling FrontendApplicationBase.cpp...
compiling Kerning_STKAITI_TTF_32_4bpp.cpp...
compiling Kerning_STXINGKA_TTF_25_4bpp.cpp...
compiling Kerning_verdana_10_4bpp.cpp...
compiling Kerning_verdana_20_4bpp.cpp...
compiling Kerning_verdana_40_4bpp.cpp...
compiling Compass_1Base.cpp...
compiling LanguageGb.cpp...
compiling image_exclamation_mark.cpp...
compiling SVGDatabase.cpp...
compiling Table_STFANGSO_TTF_25_4bpp.cpp...
compiling Table_STFANGSO_TTF_40_4bpp.cpp...
compiling Table_STKAITI_TTF_32_4bpp.cpp...
compiling image_plane.cpp...
compiling Table_STXINGKA_TTF_25_4bpp.cpp...
compiling Table_verdana_10_4bpp.cpp...
compiling Table_verdana_20_4bpp.cpp...
compiling Table_verdana_40_4bpp.cpp...
compiling image_P0704.cpp...
compiling TypedTextDatabase.cpp...
compiling Texts.cpp...
compiling VectorFontRendererBuffers.cpp...
compiling UnmappedDataFont.cpp...
compiling set_menuViewBase.cpp...
compiling main_menuViewBase.cpp...
compiling map_menuViewBase.cpp...
compiling triangleBase.cpp...
compiling sensor_menuViewBase.cpp...
compiling image_forest.cpp...
linking...
Program Size: Code=136004 RO-data=4400080 RW-data=1184 ZI-data=132248  
"LCD\LCD.axf" - 0 Error(s), 1 Warning(s).

<h2>Software Packages used:</h2>

Package Vendor: ARM
                http://www.keil.com/pack/ARM.CMSIS.5.9.0.pack
                ARM.CMSIS.5.9.0
                CMSIS (Common Microcontroller Software Interface Standard)
   * Component: CORE Version: 5.6.0

Package Vendor: Keil
                http://www.keil.com/pack/Keil.STM32H7xx_DFP.3.0.0.pack
                Keil.STM32H7xx_DFP.3.0.0
                STMicroelectronics STM32H7 Series Device Support and Examples

<h2>Collection of Component include folders:</h2>
  ./RTE/_LCD
  D:/software/keil/ARM/PACK/ARM/CMSIS/5.9.0/CMSIS/Core/Include
  D:/software/keil/ARM/PACK/Keil/STM32H7xx_DFP/3.0.0/Drivers/CMSIS/Device/ST/STM32H7xx/Include

<h2>Collection of Component Files used:</h2>

   * Component: ARM::CMSIS:CORE:5.6.0
      Include file:  CMSIS/Core/Include/tz_context.h
Build Time Elapsed:  00:00:09
</pre>
</body>
</html>
